------------------------------------------------------------
TimeQuest Timing Analyzer Summary
------------------------------------------------------------

Type  : Slow 1200mV 85C Model Setup 'SW_choose'
Slack : -14.025
TNS   : -1191.800

Type  : Slow 1200mV 85C Model Setup 'clk_div:mem|div_clk'
Slack : -12.555
TNS   : -195.241

Type  : Slow 1200mV 85C Model Setup 'cpu:mcpu|control:mcontrol|ijmp'
Slack : -7.210
TNS   : -47.022

Type  : Slow 1200mV 85C Model Setup 'clk_div:light|div_clk'
Slack : -6.644
TNS   : -235.460

Type  : Slow 1200mV 85C Model Setup 'clk'
Slack : -4.164
TNS   : -390.219

Type  : Slow 1200mV 85C Model Setup 'clk_div:delay|div_clk'
Slack : -3.331
TNS   : -3.687

Type  : Slow 1200mV 85C Model Hold 'SW_choose'
Slack : -1.354
TNS   : -4.996

Type  : Slow 1200mV 85C Model Hold 'cpu:mcpu|control:mcontrol|ijmp'
Slack : -0.408
TNS   : -1.023

Type  : Slow 1200mV 85C Model Hold 'clk'
Slack : -0.047
TNS   : -0.047

Type  : Slow 1200mV 85C Model Hold 'clk_div:mem|div_clk'
Slack : 0.426
TNS   : 0.000

Type  : Slow 1200mV 85C Model Hold 'clk_div:delay|div_clk'
Slack : 0.485
TNS   : 0.000

Type  : Slow 1200mV 85C Model Hold 'clk_div:light|div_clk'
Slack : 2.823
TNS   : 0.000

Type  : Slow 1200mV 85C Model Minimum Pulse Width 'SW_choose'
Slack : -3.201
TNS   : -211.634

Type  : Slow 1200mV 85C Model Minimum Pulse Width 'clk_div:mem|div_clk'
Slack : -3.201
TNS   : -107.847

Type  : Slow 1200mV 85C Model Minimum Pulse Width 'clk'
Slack : -3.000
TNS   : -153.187

Type  : Slow 1200mV 85C Model Minimum Pulse Width 'clk_div:light|div_clk'
Slack : -1.487
TNS   : -68.402

Type  : Slow 1200mV 85C Model Minimum Pulse Width 'clk_div:delay|div_clk'
Slack : -1.487
TNS   : -4.461

Type  : Slow 1200mV 85C Model Minimum Pulse Width 'cpu:mcpu|control:mcontrol|ijmp'
Slack : 0.376
TNS   : 0.000

Type  : Slow 1200mV 0C Model Setup 'SW_choose'
Slack : -13.164
TNS   : -1119.304

Type  : Slow 1200mV 0C Model Setup 'clk_div:mem|div_clk'
Slack : -11.963
TNS   : -181.124

Type  : Slow 1200mV 0C Model Setup 'cpu:mcpu|control:mcontrol|ijmp'
Slack : -6.966
TNS   : -45.321

Type  : Slow 1200mV 0C Model Setup 'clk_div:light|div_clk'
Slack : -6.098
TNS   : -216.921

Type  : Slow 1200mV 0C Model Setup 'clk'
Slack : -3.873
TNS   : -359.210

Type  : Slow 1200mV 0C Model Setup 'clk_div:delay|div_clk'
Slack : -2.963
TNS   : -3.215

Type  : Slow 1200mV 0C Model Hold 'SW_choose'
Slack : -1.246
TNS   : -7.632

Type  : Slow 1200mV 0C Model Hold 'cpu:mcpu|control:mcontrol|ijmp'
Slack : -0.314
TNS   : -0.696

Type  : Slow 1200mV 0C Model Hold 'clk'
Slack : -0.020
TNS   : -0.020

Type  : Slow 1200mV 0C Model Hold 'clk_div:mem|div_clk'
Slack : 0.398
TNS   : 0.000

Type  : Slow 1200mV 0C Model Hold 'clk_div:delay|div_clk'
Slack : 0.430
TNS   : 0.000

Type  : Slow 1200mV 0C Model Hold 'clk_div:light|div_clk'
Slack : 2.697
TNS   : 0.000

Type  : Slow 1200mV 0C Model Minimum Pulse Width 'SW_choose'
Slack : -3.201
TNS   : -223.328

Type  : Slow 1200mV 0C Model Minimum Pulse Width 'clk_div:mem|div_clk'
Slack : -3.201
TNS   : -107.847

Type  : Slow 1200mV 0C Model Minimum Pulse Width 'clk'
Slack : -3.000
TNS   : -153.187

Type  : Slow 1200mV 0C Model Minimum Pulse Width 'clk_div:light|div_clk'
Slack : -1.487
TNS   : -68.402

Type  : Slow 1200mV 0C Model Minimum Pulse Width 'clk_div:delay|div_clk'
Slack : -1.487
TNS   : -4.513

Type  : Slow 1200mV 0C Model Minimum Pulse Width 'cpu:mcpu|control:mcontrol|ijmp'
Slack : 0.167
TNS   : 0.000

Type  : Fast 1200mV 0C Model Setup 'SW_choose'
Slack : -5.450
TNS   : -450.701

Type  : Fast 1200mV 0C Model Setup 'clk_div:mem|div_clk'
Slack : -4.589
TNS   : -54.905

Type  : Fast 1200mV 0C Model Setup 'clk_div:light|div_clk'
Slack : -3.244
TNS   : -99.708

Type  : Fast 1200mV 0C Model Setup 'cpu:mcpu|control:mcontrol|ijmp'
Slack : -2.358
TNS   : -13.840

Type  : Fast 1200mV 0C Model Setup 'clk'
Slack : -1.205
TNS   : -107.769

Type  : Fast 1200mV 0C Model Setup 'clk_div:delay|div_clk'
Slack : -0.878
TNS   : -0.878

Type  : Fast 1200mV 0C Model Hold 'SW_choose'
Slack : -0.670
TNS   : -2.434

Type  : Fast 1200mV 0C Model Hold 'cpu:mcpu|control:mcontrol|ijmp'
Slack : -0.153
TNS   : -0.277

Type  : Fast 1200mV 0C Model Hold 'clk'
Slack : -0.062
TNS   : -0.062

Type  : Fast 1200mV 0C Model Hold 'clk_div:mem|div_clk'
Slack : 0.150
TNS   : 0.000

Type  : Fast 1200mV 0C Model Hold 'clk_div:delay|div_clk'
Slack : 0.201
TNS   : 0.000

Type  : Fast 1200mV 0C Model Hold 'clk_div:light|div_clk'
Slack : 1.057
TNS   : 0.000

Type  : Fast 1200mV 0C Model Minimum Pulse Width 'SW_choose'
Slack : -3.000
TNS   : -225.952

Type  : Fast 1200mV 0C Model Minimum Pulse Width 'clk'
Slack : -3.000
TNS   : -131.742

Type  : Fast 1200mV 0C Model Minimum Pulse Width 'clk_div:mem|div_clk'
Slack : -1.000
TNS   : -61.000

Type  : Fast 1200mV 0C Model Minimum Pulse Width 'clk_div:light|div_clk'
Slack : -1.000
TNS   : -46.000

Type  : Fast 1200mV 0C Model Minimum Pulse Width 'clk_div:delay|div_clk'
Slack : -1.000
TNS   : -3.000

Type  : Fast 1200mV 0C Model Minimum Pulse Width 'cpu:mcpu|control:mcontrol|ijmp'
Slack : 0.254
TNS   : 0.000

------------------------------------------------------------
